PASS src/features/clubs/services/__tests__/clubsService.test.ts (8.624 s)
  clubsService
    √ reads public club browse results from club_public_details (25 ms)
    √ reads a single public club detail row from club_public_details (4 ms)
    √ checks membership limits through the edge function (5 ms)
    √ creates a club after limit check and inserts the admin membership (7 ms)
    √ joins public clubs by inserting an active member row (3 ms)
    √ applies to approval clubs with pending answers payload (3 ms)
    √ applies to author clubs through the same application flow (3 ms)
    √ returns an existing pending application when a duplicate application insert races (3 ms)
    √ reads the current user application for a club (39 ms)
    √ maps applicant profile summaries onto club applications (4 ms)
    √ reviews a join application through the live rpc contract (2 ms)
    √ creates a join question for admin management (2 ms)
    √ updates a join question for admin management (2 ms)
    √ deletes a join question for admin management (2 ms)
    √ maps invitation profiles for invite-only management (2 ms)
    √ creates an invite-only club invitation through the live rpc contract (1 ms)
    √ maps member profile summaries onto club members (2 ms)

Test Suites: 1 passed, 1 total
Tests:       17 passed, 17 total
Snapshots:   0 total
Time:        9.498 s
Ran all test suites within paths "src\features\clubs\services\__tests__\clubsService.test.ts".
